// Jest Snapshot v1, https://goo.gl/fbAQLP

exports[`Feed render test should render 1`] = `
<BasicLayout
  hasBack={false}
  headerActions={Array []}
  noTabs={false}
>
  <ScrollView
    style={
      Object {
        "flex": 1,
      }
    }
  >
    <LoadingHOC(Photos) />
  </ScrollView>
</BasicLayout>
`;
