// Jest Snapshot v1, https://goo.gl/fbAQLP

exports[`Photos render test should render 1`] = `
<Component
  style={
    Object {
      "flex": 1,
      "flexDirection": "row",
      "flexWrap": "wrap",
      "justifyContent": "space-around",
    }
  }
>
  <Image
    source={
      Object {
        "testUri": "../../../src/assets/images/loading.gif",
      }
    }
    style={
      Object {
        "height": 50,
        "width": 50,
      }
    }
  />
</Component>
`;
