// Jest Snapshot v1, https://goo.gl/fbAQLP

exports[`Messages render test should render 1`] = `
<Layout
  style={
    Object {
      "flexDirection": "row",
      "marginVertical": 5,
    }
  }
>
  <ScrollView
    style={
      Object {
        "backgroundColor": "white",
        "flex": 0,
        "height": "100%",
        "margin": 5,
        "width": 325,
      }
    }
  >
    <LoadingHOC(Threads) />
  </ScrollView>
  <ScrollView
    style={
      Object {
        "backgroundColor": "white",
        "flex": 1,
        "height": "100%",
        "marginVertical": 5,
        "minWidth": 325,
      }
    }
  >
    <LoadingHOC(Messages) />
  </ScrollView>
  <ScrollView
    style={
      Object {
        "backgroundColor": "white",
        "flex": 0,
        "height": "100%",
        "margin": 5,
      }
    }
  />
</Layout>
`;
